[dotenv@17.2.4] injecting env (4) from .env -- tip: ≡ƒæÑ sync secrets across teammates & machines: https://dotenvx.com/ops
API Key (first 20 chars): AIzaSyBn1GA4mCa0lNwy

≡ƒöÄ Listing available models...
Available models:
 models/gemini-2.5-flash
models/gemini-2.5-pro
models/gemini-2.0-flash
models/gemini-2.0-flash-001
models/gemini-2.0-flash-exp-image-generation
models/gemini-2.0-flash-lite-001
models/gemini-2.0-flash-lite
models/gemini-exp-1206
models/gemini-2.5-flash-preview-tts
models/gemini-2.5-pro-preview-tts
models/gemma-3-1b-it
models/gemma-3-4b-it
models/gemma-3-12b-it
models/gemma-3-27b-it
models/gemma-3n-e4b-it
models/gemma-3n-e2b-it
models/gemini-flash-latest
models/gemini-flash-lite-latest
models/gemini-pro-latest
models/gemini-2.5-flash-lite
models/gemini-2.5-flash-image
models/gemini-2.5-flash-preview-09-2025
models/gemini-2.5-flash-lite-preview-09-2025
models/gemini-3-pro-preview
models/gemini-3-flash-preview
models/gemini-3-pro-image-preview
models/nano-banana-pro-preview
models/gemini-robotics-er-1.5-preview
models/gemini-2.5-computer-use-preview-10-2025
models/deep-research-pro-preview-12-2025
models/gemini-embedding-001
models/aqa
models/imagen-4.0-generate-preview-06-06
models/imagen-4.0-ultra-generate-preview-06-06
models/imagen-4.0-generate-001
models/imagen-4.0-ultra-generate-001
models/imagen-4.0-fast-generate-001
models/veo-2.0-generate-001
models/veo-3.0-generate-001
models/veo-3.0-fast-generate-001
models/veo-3.1-generate-preview
models/veo-3.1-fast-generate-preview
models/gemini-2.5-flash-native-audio-latest
models/gemini-2.5-flash-native-audio-preview-09-2025
models/gemini-2.5-flash-native-audio-preview-12-2025

≡ƒº¬ Testing model: gemini-2.0-flash
Γ¥î gemini-2.0-flash failed: {"error":{"code":429,"message":"You exceeded your current quota, please check your plan and billing details. For more in

≡ƒº¬ Testing model: gemini-2.0-flash-lite
Γ¥î gemini-2.0-flash-lite failed: {"error":{"code":429,"message":"You exceeded your current quota, please check your plan and billing details. For more in

≡ƒº¬ Testing model: gemini-1.5-flash
Γ¥î gemini-1.5-flash failed: {"error":{"code":404,"message":"models/gemini-1.5-flash is not found for API version v1beta, or is not supported for gen

≡ƒº¬ Testing model: gemini-1.5-pro
Γ¥î gemini-1.5-pro failed: {"error":{"code":404,"message":"models/gemini-1.5-pro is not found for API version v1beta, or is not supported for gener

≡ƒº¬ Testing model: gemini-pro
Γ¥î gemini-pro failed: {"error":{"code":404,"message":"models/gemini-pro is not found for API version v1beta, or is not supported for generateC
